../Core/Src/main.c:28:5:main	16	static
../Core/Src/main.c:65:6:vRedLEDControllerTask	16	static
../Core/Src/main.c:75:6:vGreenLEDControllerTask	16	static
../Core/Src/main.c:85:6:vYellowLEDControllerTask	16	static
../Core/Src/main.c:94:5:__io_putchar	16	static
../Core/Src/main.c:106:6:SystemClock_Config	88	static
../Core/Src/main.c:153:13:MX_USART2_UART_Init	8	static
../Core/Src/main.c:186:13:MX_GPIO_Init	16	static
../Core/Src/main.c:211:6:HAL_TIM_PeriodElapsedCallback	16	static
../Core/Src/main.c:228:6:Error_Handler	4	static,ignoring_inline_asm
