../Core/Src/main.c:34:5:main	16	static
../Core/Src/main.c:71:6:vRedLEDControllerTask	24	static
../Core/Src/main.c:84:6:vGreenLEDControllerTask	24	static
../Core/Src/main.c:104:6:vYellowLEDControllerTask	24	static
../Core/Src/main.c:127:5:__io_putchar	16	static
../Core/Src/main.c:137:6:SystemClock_Config	88	static
../Core/Src/main.c:184:13:MX_USART2_UART_Init	8	static
../Core/Src/main.c:217:13:MX_GPIO_Init	16	static
../Core/Src/main.c:241:6:StartDefaultTask	16	static
../Core/Src/main.c:260:6:HAL_TIM_PeriodElapsedCallback	16	static
../Core/Src/main.c:277:6:Error_Handler	4	static,ignoring_inline_asm
