../Core/Src/main.c:30:5:main	16	static
../Core/Src/main.c:67:6:vRedLEDControllerTask	24	static
../Core/Src/main.c:81:6:vGreenLEDControllerTask	24	static
../Core/Src/main.c:99:6:vYellowLEDControllerTask	24	static
../Core/Src/main.c:111:5:__io_putchar	16	static
../Core/Src/main.c:123:6:SystemClock_Config	88	static
../Core/Src/main.c:170:13:MX_USART2_UART_Init	8	static
../Core/Src/main.c:203:13:MX_GPIO_Init	16	static
../Core/Src/main.c:227:6:StartDefaultTask	16	static
../Core/Src/main.c:246:6:HAL_TIM_PeriodElapsedCallback	16	static
../Core/Src/main.c:263:6:Error_Handler	4	static,ignoring_inline_asm
