../Core/Src/main.c:26:5:main	16	static
../Core/Src/main.c:63:6:vRedLEDControllerTask	16	static
../Core/Src/main.c:72:6:vGreenLEDControllerTask	16	static
../Core/Src/main.c:81:6:vYellowLEDControllerTask	16	static
../Core/Src/main.c:90:5:__io_putchar	16	static
../Core/Src/main.c:103:6:SystemClock_Config	88	static
../Core/Src/main.c:150:13:MX_USART2_UART_Init	8	static
../Core/Src/main.c:183:13:MX_GPIO_Init	16	static
../Core/Src/main.c:197:6:HAL_TIM_PeriodElapsedCallback	16	static
../Core/Src/main.c:214:6:Error_Handler	4	static,ignoring_inline_asm
