../Core/Src/main.c:26:5:main	16	static
../Core/Src/main.c:51:6:vRedLEDControllerTask	24	static
../Core/Src/main.c:73:6:vGreenLEDControllerTask	16	static
../Core/Src/main.c:82:6:vYellowLEDControllerTask	16	static
../Core/Src/main.c:91:5:__io_putchar	16	static
../Core/Src/main.c:104:6:SystemClock_Config	88	static
../Core/Src/main.c:151:13:MX_USART2_UART_Init	8	static
../Core/Src/main.c:184:13:MX_GPIO_Init	16	static
../Core/Src/main.c:208:6:StartDefaultTask	16	static
../Core/Src/main.c:227:6:HAL_TIM_PeriodElapsedCallback	16	static
../Core/Src/main.c:244:6:Error_Handler	4	static,ignoring_inline_asm
