20:29:48 **** Incremental Build of configuration Debug for project 11-CMSIS-RTOS_EventFlags ****
make -j8 all 
arm-none-eabi-gcc "../Core/Src/main.c" -mcpu=cortex-m4 -std=gnu11 -g3 -DDEBUG -DUSE_HAL_DRIVER -DSTM32F401xE -c -I../Core/Inc -I../Drivers/STM32F4xx_HAL_Driver/Inc -I../Drivers/STM32F4xx_HAL_Driver/Inc/Legacy -I../Drivers/CMSIS/Device/ST/STM32F4xx/Include -I../Drivers/CMSIS/Include -I../Middlewares/Third_Party/FreeRTOS/Source/include -I../Middlewares/Third_Party/FreeRTOS/Source/CMSIS_RTOS_V2 -I../Middlewares/Third_Party/FreeRTOS/Source/portable/GCC/ARM_CM4F -O0 -ffunction-sections -fdata-sections -Wall -fstack-usage -fcyclomatic-complexity -MMD -MP -MF"Core/Src/main.d" -MT"Core/Src/main.o" --specs=nano.specs -mfpu=fpv4-sp-d16 -mfloat-abi=hard -mthumb -o "Core/Src/main.o"
arm-none-eabi-gcc -o "11-CMSIS-RTOS_EventFlags.elf" @"objects.list"   -mcpu=cortex-m4 -T"C:\Users\ravindra\Desktop\GitHub_Repo_Embedded_Programming\RTOS\CMSIS-RTOS\11-CMSIS-RTOS_EventFlags\STM32F401RETX_FLASH.ld" --specs=nosys.specs -Wl,-Map="11-CMSIS-RTOS_EventFlags.map" -Wl,--gc-sections -static --specs=nano.specs -mfpu=fpv4-sp-d16 -mfloat-abi=hard -mthumb -Wl,--start-group -lc -lm -Wl,--end-group
Finished building target: 11-CMSIS-RTOS_EventFlags.elf
 
arm-none-eabi-size   11-CMSIS-RTOS_EventFlags.elf 
arm-none-eabi-objdump -h -S  11-CMSIS-RTOS_EventFlags.elf  > "11-CMSIS-RTOS_EventFlags.list"
   text	   data	    bss	    dec	    hex	filename
  27224	    116	  21028	  48368	   bcf0	11-CMSIS-RTOS_EventFlags.elf
Finished building: default.size.stdout
 
Finished building: 11-CMSIS-RTOS_EventFlags.list
 

20:29:50 Build Finished. 0 errors, 0 warnings. (took 2s.419ms)

