../Core/Src/main.c:28:5:main	16	static
../Core/Src/main.c:74:6:SenderTask1	32	static
../Core/Src/main.c:91:6:SenderTask2	32	static
../Core/Src/main.c:109:6:ReceiverTask	32	static
../Core/Src/main.c:132:5:uart2_write	16	static
../Core/Src/main.c:140:5:__io_putchar	16	static
../Core/Src/main.c:154:6:SystemClock_Config	88	static
../Core/Src/main.c:201:13:MX_USART2_UART_Init	8	static
../Core/Src/main.c:234:13:MX_GPIO_Init	16	static
../Core/Src/main.c:259:6:HAL_TIM_PeriodElapsedCallback	16	static
../Core/Src/main.c:276:6:Error_Handler	4	static,ignoring_inline_asm
