../Core/Src/main.c:29:5:main	16	static
../Core/Src/main.c:66:6:vRedLEDControllerTask	24	static
../Core/Src/main.c:81:6:vGreenLEDControllerTask	16	static
../Core/Src/main.c:90:6:vYellowLEDControllerTask	16	static
../Core/Src/main.c:99:5:__io_putchar	16	static
../Core/Src/main.c:111:6:SystemClock_Config	88	static
../Core/Src/main.c:158:13:MX_USART2_UART_Init	8	static
../Core/Src/main.c:191:13:MX_GPIO_Init	16	static
../Core/Src/main.c:217:6:HAL_TIM_PeriodElapsedCallback	16	static
../Core/Src/main.c:234:6:Error_Handler	4	static,ignoring_inline_asm
