../Core/Src/main.c:31:5:main	16	static
../Core/Src/main.c:83:6:vSenderTask1	24	static
../Core/Src/main.c:101:6:vSenderTask2	24	static
../Core/Src/main.c:119:6:vReceiverTask	24	static
../Core/Src/main.c:140:5:uart2_write	16	static
../Core/Src/main.c:148:5:__io_putchar	16	static
../Core/Src/main.c:161:6:SystemClock_Config	88	static
../Core/Src/main.c:208:13:MX_USART2_UART_Init	8	static
../Core/Src/main.c:241:13:MX_GPIO_Init	16	static
../Core/Src/main.c:268:6:HAL_TIM_PeriodElapsedCallback	16	static
../Core/Src/main.c:285:6:Error_Handler	4	static,ignoring_inline_asm
