../Core/Src/main.c:46:5:main	16	static
../Core/Src/main.c:88:6:SenderTask	32	static
../Core/Src/main.c:110:6:ReceiverTask	24	static
../Core/Src/main.c:140:5:uart2_write	16	static
../Core/Src/main.c:148:5:__io_putchar	16	static
../Core/Src/main.c:162:6:SystemClock_Config	88	static
../Core/Src/main.c:209:13:MX_USART2_UART_Init	8	static
../Core/Src/main.c:242:13:MX_GPIO_Init	16	static
../Core/Src/main.c:269:6:HAL_TIM_PeriodElapsedCallback	16	static
../Core/Src/main.c:286:6:Error_Handler	4	static,ignoring_inline_asm
