../Core/Src/main.c:30:5:main	16	static
../Core/Src/main.c:67:6:vRedLEDControllerTask	16	static
../Core/Src/main.c:78:6:vGreenLEDControllerTask	16	static
../Core/Src/main.c:89:6:vYellowLEDControllerTask	16	static
../Core/Src/main.c:104:6:vApplicationIdleHook	4	static
../Core/Src/main.c:110:5:__io_putchar	16	static
../Core/Src/main.c:122:6:SystemClock_Config	88	static
../Core/Src/main.c:169:13:MX_USART2_UART_Init	8	static
../Core/Src/main.c:202:13:MX_GPIO_Init	16	static
../Core/Src/main.c:229:6:HAL_TIM_PeriodElapsedCallback	16	static
../Core/Src/main.c:246:6:Error_Handler	4	static,ignoring_inline_asm
