13:27:37 **** Incremental Build of configuration Debug for project 35-Scheduler_Cooperation ****
make -j8 all 
arm-none-eabi-gcc "../Core/Src/main.c" -mcpu=cortex-m4 -std=gnu11 -g3 -DDEBUG -DUSE_HAL_DRIVER -DSTM32F401xE -c -I../Core/Inc -I../Drivers/STM32F4xx_HAL_Driver/Inc -I../Drivers/STM32F4xx_HAL_Driver/Inc/Legacy -I../Drivers/CMSIS/Device/ST/STM32F4xx/Include -I../Drivers/CMSIS/Include -I../Middlewares/Third_Party/FreeRTOS/Source/include -I../Middlewares/Third_Party/FreeRTOS/Source/CMSIS_RTOS_V2 -I../Middlewares/Third_Party/FreeRTOS/Source/portable/GCC/ARM_CM4F -O0 -ffunction-sections -fdata-sections -Wall -fstack-usage -fcyclomatic-complexity -MMD -MP -MF"Core/Src/main.d" -MT"Core/Src/main.o" --specs=nano.specs -mfpu=fpv4-sp-d16 -mfloat-abi=hard -mthumb -o "Core/Src/main.o"
arm-none-eabi-gcc -o "35-Scheduler_Cooperation.elf" @"objects.list"   -mcpu=cortex-m4 -T"C:\Users\ravindra\Desktop\GitHub_Repo_Embedded_Programming\RTOS\freeRTOS\35-Scheduler_Cooperation\STM32F401RETX_FLASH.ld" --specs=nosys.specs -Wl,-Map="35-Scheduler_Cooperation.map" -Wl,--gc-sections -static --specs=nano.specs -mfpu=fpv4-sp-d16 -mfloat-abi=hard -mthumb -Wl,--start-group -lc -lm -Wl,--end-group
Finished building target: 35-Scheduler_Cooperation.elf
 
arm-none-eabi-size   35-Scheduler_Cooperation.elf 
arm-none-eabi-objdump -h -S  35-Scheduler_Cooperation.elf  > "35-Scheduler_Cooperation.list"
   text	   data	    bss	    dec	    hex	filename
  17580	    104	  20896	  38580	   96b4	35-Scheduler_Cooperation.elf
Finished building: default.size.stdout
 
Finished building: 35-Scheduler_Cooperation.list
 

13:27:39 Build Finished. 0 errors, 0 warnings. (took 2s.288ms)

