12:24:18 **** Incremental Build of configuration Debug for project 28-UART_Rxinterrupt_DataPackets ****
make -j8 all 
arm-none-eabi-gcc "../Core/Src/main.c" -mcpu=cortex-m4 -std=gnu11 -g3 -DDEBUG -DUSE_HAL_DRIVER -DSTM32F401xE -c -I../Core/Inc -I../Drivers/STM32F4xx_HAL_Driver/Inc -I../Drivers/STM32F4xx_HAL_Driver/Inc/Legacy -I../Drivers/CMSIS/Device/ST/STM32F4xx/Include -I../Drivers/CMSIS/Include -I../Middlewares/Third_Party/FreeRTOS/Source/include -I../Middlewares/Third_Party/FreeRTOS/Source/CMSIS_RTOS_V2 -I../Middlewares/Third_Party/FreeRTOS/Source/portable/GCC/ARM_CM4F -O0 -ffunction-sections -fdata-sections -Wall -fstack-usage -fcyclomatic-complexity -MMD -MP -MF"Core/Src/main.d" -MT"Core/Src/main.o" --specs=nano.specs -mfpu=fpv4-sp-d16 -mfloat-abi=hard -mthumb -o "Core/Src/main.o"
arm-none-eabi-gcc -o "28-UART_Rxinterrupt_DataPackets.elf" @"objects.list"   -mcpu=cortex-m4 -T"C:\Users\ravindra\Desktop\GitHub_Repo_Embedded_Programming\RTOS\freeRTOS\28-UART_Rxinterrupt_DataPackets\STM32F401RETX_FLASH.ld" --specs=nosys.specs -Wl,-Map="28-UART_Rxinterrupt_DataPackets.map" -Wl,--gc-sections -static --specs=nano.specs -mfpu=fpv4-sp-d16 -mfloat-abi=hard -mthumb -Wl,--start-group -lc -lm -Wl,--end-group
Finished building target: 28-UART_Rxinterrupt_DataPackets.elf
 
arm-none-eabi-size   28-UART_Rxinterrupt_DataPackets.elf 
arm-none-eabi-objdump -h -S  28-UART_Rxinterrupt_DataPackets.elf  > "28-UART_Rxinterrupt_DataPackets.list"
   text	   data	    bss	    dec	    hex	filename
  24280	    104	  21040	  45424	   b170	28-UART_Rxinterrupt_DataPackets.elf
Finished building: default.size.stdout
 
Finished building: 28-UART_Rxinterrupt_DataPackets.list
 
12:24:28 **** Incremental Build of configuration Debug for project 28-UART_Rxinterrupt_DataPackets ****
make -j8 all 
arm-none-eabi-size   28-UART_Rxinterrupt_DataPackets.elf 
   text	   data	    bss	    dec	    hex	filename
  24280	    104	  21040	  45424	   b170	28-UART_Rxinterrupt_DataPackets.elf
Finished building: default.size.stdout
 
12:25:11 **** Incremental Build of configuration Debug for project 28-UART_Rxinterrupt_DataPackets ****
make -j8 all 
arm-none-eabi-gcc "../Core/Src/main.c" -mcpu=cortex-m4 -std=gnu11 -g3 -DDEBUG -DUSE_HAL_DRIVER -DSTM32F401xE -c -I../Core/Inc -I../Drivers/STM32F4xx_HAL_Driver/Inc -I../Drivers/STM32F4xx_HAL_Driver/Inc/Legacy -I../Drivers/CMSIS/Device/ST/STM32F4xx/Include -I../Drivers/CMSIS/Include -I../Middlewares/Third_Party/FreeRTOS/Source/include -I../Middlewares/Third_Party/FreeRTOS/Source/CMSIS_RTOS_V2 -I../Middlewares/Third_Party/FreeRTOS/Source/portable/GCC/ARM_CM4F -O0 -ffunction-sections -fdata-sections -Wall -fstack-usage -fcyclomatic-complexity -MMD -MP -MF"Core/Src/main.d" -MT"Core/Src/main.o" --specs=nano.specs -mfpu=fpv4-sp-d16 -mfloat-abi=hard -mthumb -o "Core/Src/main.o"
arm-none-eabi-gcc -o "28-UART_Rxinterrupt_DataPackets.elf" @"objects.list"   -mcpu=cortex-m4 -T"C:\Users\ravindra\Desktop\GitHub_Repo_Embedded_Programming\RTOS\freeRTOS\28-UART_Rxinterrupt_DataPackets\STM32F401RETX_FLASH.ld" --specs=nosys.specs -Wl,-Map="28-UART_Rxinterrupt_DataPackets.map" -Wl,--gc-sections -static --specs=nano.specs -mfpu=fpv4-sp-d16 -mfloat-abi=hard -mthumb -Wl,--start-group -lc -lm -Wl,--end-group
Finished building target: 28-UART_Rxinterrupt_DataPackets.elf
 
arm-none-eabi-size   28-UART_Rxinterrupt_DataPackets.elf 
arm-none-eabi-objdump -h -S  28-UART_Rxinterrupt_DataPackets.elf  > "28-UART_Rxinterrupt_DataPackets.list"
   text	   data	    bss	    dec	    hex	filename
  24304	    104	  21040	  45448	   b188	28-UART_Rxinterrupt_DataPackets.elf
Finished building: default.size.stdout
 
Finished building: 28-UART_Rxinterrupt_DataPackets.list
 
