15:19:21 **** Incremental Build of configuration Debug for project 36-CMSIS-RTOS_Thread ****
make -j8 all 
arm-none-eabi-gcc "../Core/Src/main.c" -mcpu=cortex-m4 -std=gnu11 -g3 -DDEBUG -DUSE_HAL_DRIVER -DSTM32F401xE -c -I../Core/Inc -I../Drivers/STM32F4xx_HAL_Driver/Inc -I../Drivers/STM32F4xx_HAL_Driver/Inc/Legacy -I../Drivers/CMSIS/Device/ST/STM32F4xx/Include -I../Drivers/CMSIS/Include -I../Middlewares/Third_Party/FreeRTOS/Source/include -I../Middlewares/Third_Party/FreeRTOS/Source/CMSIS_RTOS_V2 -I../Middlewares/Third_Party/FreeRTOS/Source/portable/GCC/ARM_CM4F -O0 -ffunction-sections -fdata-sections -Wall -fstack-usage -fcyclomatic-complexity -MMD -MP -MF"Core/Src/main.d" -MT"Core/Src/main.o" --specs=nano.specs -mfpu=fpv4-sp-d16 -mfloat-abi=hard -mthumb -o "Core/Src/main.o"
arm-none-eabi-gcc -o "36-CMSIS-RTOS_Thread.elf" @"objects.list"   -mcpu=cortex-m4 -T"C:\Users\ravindra\Desktop\GitHub_Repo_Embedded_Programming\RTOS\freeRTOS\36-CMSIS-RTOS_Thread\STM32F401RETX_FLASH.ld" --specs=nosys.specs -Wl,-Map="36-CMSIS-RTOS_Thread.map" -Wl,--gc-sections -static --specs=nano.specs -mfpu=fpv4-sp-d16 -mfloat-abi=hard -mthumb -Wl,--start-group -lc -lm -Wl,--end-group
Finished building target: 36-CMSIS-RTOS_Thread.elf
 
arm-none-eabi-size   36-CMSIS-RTOS_Thread.elf 
arm-none-eabi-objdump -h -S  36-CMSIS-RTOS_Thread.elf  > "36-CMSIS-RTOS_Thread.list"
   text	   data	    bss	    dec	    hex	filename
  20768	    104	  20968	  41840	   a370	36-CMSIS-RTOS_Thread.elf
Finished building: default.size.stdout
 
Finished building: 36-CMSIS-RTOS_Thread.list
 
15:19:32 **** Incremental Build of configuration Debug for project 36-CMSIS-RTOS_Thread ****
make -j8 all 
arm-none-eabi-size   36-CMSIS-RTOS_Thread.elf 
   text	   data	    bss	    dec	    hex	filename
  20768	    104	  20968	  41840	   a370	36-CMSIS-RTOS_Thread.elf
Finished building: default.size.stdout
 
