../Core/Src/main.c:27:5:main	16	static
../Core/Src/main.c:53:6:redLedControllerTask	16	static
../Core/Src/main.c:69:6:yellowLedControllerTask	16	static
../Core/Src/main.c:86:6:greenLedControllerTask	16	static
../Core/Src/main.c:104:5:uart2_write	16	static
../Core/Src/main.c:112:5:__io_putchar	16	static
../Core/Src/main.c:126:6:SystemClock_Config	88	static
../Core/Src/main.c:173:13:MX_USART2_UART_Init	8	static
../Core/Src/main.c:206:13:MX_GPIO_Init	16	static
../Core/Src/main.c:231:6:HAL_TIM_PeriodElapsedCallback	16	static
../Core/Src/main.c:248:6:Error_Handler	4	static,ignoring_inline_asm
