../Core/Src/main.c:34:5:main	152	static
../Core/Src/main.c:94:6:vGreenLedControllerTask	24	static
../Core/Src/main.c:105:6:vRedLedControllerTask	24	static
../Core/Src/main.c:117:6:vOrangeLedControllerTask	24	static
../Core/Src/main.c:137:6:vBlueLedControllerTask	24	static
../Core/Src/main.c:158:5:USART2_write	16	static
../Core/Src/main.c:165:5:__io_putchar	16	static
../Core/Src/main.c:178:6:SystemClock_Config	88	static
../Core/Src/main.c:225:13:MX_USART2_UART_Init	8	static
../Core/Src/main.c:258:13:MX_GPIO_Init	16	static
../Core/Src/main.c:290:6:HAL_TIM_PeriodElapsedCallback	16	static
../Core/Src/main.c:307:6:Error_Handler	4	static,ignoring_inline_asm
