00:49:09 **** Incremental Build of configuration Debug for project 20-Drivers ****
make -j8 all 
arm-none-eabi-size   20-Drivers.elf 
   text	   data	    bss	    dec	    hex	filename
  10288	    100	   3196	  13584	   3510	20-Drivers.elf
Finished building: default.size.stdout
 
00:49:20 **** Incremental Build of configuration Debug for project 20-Drivers ****
make -j8 all 
arm-none-eabi-size   20-Drivers.elf 
   text	   data	    bss	    dec	    hex	filename
  10288	    100	   3196	  13584	   3510	20-Drivers.elf
Finished building: default.size.stdout
 
